/var/spool/slurmd/job2906967/slurm_script: line 11: conda: command not found
============================================================
  BMS* Experiment: Mauna Loa CO₂
============================================================
  Mode:      hmc
  Eval pts:  120
  HMC:       300 samples, 200 warmup
  Posterior: 100 GP samples for BMS*

── Loading Data ──
  Columns: ['year', 'month', 'day', 'weight', 'flag', 'station', 'co2']
  Aggregated to 521 monthly observations
  Train: 461 points, x=[-19.5, 19.2]
  Test:  60 points
  Normalization: y_mean=336.2 ppm, y_std=14.6 ppm

── Fitting Candidate Models ──
  Linear          σ=0.1793  (2 params)
         a = 0.088248
         b = 0.000000
  Quadratic       σ=0.1472  (3 params)
         a = 0.000915
         b = 0.088381
         c = -0.113755
  Quad+Sin        σ=0.0611  (5 params)
         a = 0.000918
         b = 0.088521
         c = -0.113251
         A = 0.189420
       phi = 4.334713
  Quad+2Harm      σ=0.0499  (7 params)
         a = 0.000918
         b = 0.088519
         c = -0.113430
        A1 = -0.189185
      phi1 = 1.191234
        A2 = 0.049801
      phi2 = -0.990294

── GP Predictives (HMC) ──

  Running HMC (300 samples, 200 warmup)...
  This will take a while with ~461 data points.
  MAP initialization...
  Iter 100/500 — Loss: 0.0632
  Iter 200/500 — Loss: -0.9620
  Iter 300/500 — Loss: -1.7319
  Iter 400/500 — Loss: -1.9949
  Iter 500/500 — Loss: -2.0231
Warmup:   0%|          | 0/500 [00:00, ?it/s]/var/spool/slurmd/job2906967/slurm_script: line 14: 3170609 Killed                  python experiments/bms_star_mauna_loa.py --mode hmc --n-hmc 300 --n-warmup 200 --n-posterior 100 --n-eval 120
[2026-02-15T01:14:05.203] error: Detected 1 oom_kill event in StepId=2906967.batch. Some of the step tasks have been OOM Killed.
