==================================================
  Mauna Loa CO₂: MAP + HMC
==================================================
  Columns: ['year', 'month', 'day', 'weight', 'flag', 'station', 'co2']
  Aggregated to 521 monthly observations

Train: 461, Test: 60

── MAP ──
  Iter 100/800 — Loss: 0.0800
  Iter 200/800 — Loss: -0.9517
  Iter 300/800 — Loss: -1.7659
  Iter 400/800 — Loss: -1.9993
  Iter 500/800 — Loss: -2.1124
  Iter 600/800 — Loss: -2.1362
  Iter 700/800 — Loss: -2.1471
  Iter 800/800 — Loss: -2.1504

── Hyperparameters ──
  Noise variance: 0.000388
  [trend]
    raw_outputscale: 3.169040
    base_kernel.raw_lengthscale: 7.602714
  [seasonal]
    raw_outputscale: 0.329600
    base_kernel.raw_lengthscale: 2.732920
    base_kernel.raw_period_length: 0.999570
  [medium_term]
    raw_outputscale: 0.001124
    base_kernel.raw_lengthscale: 0.855398

Saved: mauna_loa_map.png

── HMC ──
Running HMC (300 samples, 200 warmup)...
This will take several minutes with ~500 data points...
Mauna Loa HMC complete
